// Jest Snapshot v1, https://goo.gl/fbAQLP

exports[`Game component should render correctly 1`] = `
<main
  className="play-area"
>
  <article
    className="board"
  >
    <ul
      className="board__row"
    >
      <li
        className="row-number"
      />
      <li
        className="row-number"
      >
        1
      </li>
      <li
        className="row-number"
      >
        2
      </li>
      <li
        className="row-number"
      >
        3
      </li>
      <li
        className="row-number"
      >
        4
      </li>
      <li
        className="row-number"
      >
        5
      </li>
      <li
        className="row-number"
      >
        6
      </li>
      <li
        className="row-number"
      >
        7
      </li>
      <li
        className="row-number"
      >
        8
      </li>
    </ul>
  </article>
  <aside
    className="aside"
  >
    <div
      className="msg"
    >
      
    </div>
    <p>
      Score : 
    </p>
    <ul
      className="score__list"
    >
      <li
        className="score__list__item"
      >
        
         
        <div
          className="aside__chip black-chip chip"
        >
          <p>
            2
          </p>
        </div>
      </li>
      <li
        className="score__list__item"
      >
        
         
        <div
          className="aside__chip white-chip chip"
        >
          <p>
            2
          </p>
        </div>
      </li>
    </ul>
    <div
      className="turn"
    >
      C'est au tour de : 
      <div
        className="aside__chip -chip chip"
      />
    </div>
    <button
      className="pass-button"
      onClick={[Function]}
      type="button"
    >
      passer
    </button>
  </aside>
</main>
`;
